// Jest Snapshot v1, https://goo.gl/fbAQLP

exports[`renders correctly 1`] = `
<View
  style={
    {
      "alignItems": "center",
      "backgroundColor": "#1A237E",
      "borderBottomColor": "#424242",
      "borderBottomWidth": 2,
      "borderTopLeftRadius": 5,
      "borderTopRightRadius": 5,
      "flexDirection": "row",
      "paddingHorizontal": 10,
      "width": "90%",
    }
  }
>
  <Text
    allowFontScaling={false}
    selectable={false}
    style={
      [
        {
          "color": "#ffffff",
          "fontSize": 20,
        },
        undefined,
        {
          "fontFamily": "Ionicons",
          "fontStyle": "normal",
          "fontWeight": "normal",
        },
        {},
      ]
    }
  >
    î¹ 
  </Text>
  <TextInput
    color="#ffffff"
    onBlur={[Function]}
    onChangeText={[MockFunction]}
    onFocus={[Function]}
    placeholder="Search ticker"
    placeholderTextColor="#8C8C8C"
    style={
      {
        "fontSize": 15,
        "width": "88%",
      }
    }
    value={[MockFunction]}
  />
</View>
`;
