// Jest Snapshot v1, https://goo.gl/fbAQLP

exports[`renders correctly 1`] = `
<View
  style={
    {
      "borderBottomWidth": 2,
      "borderColor": "#424242",
    }
  }
/>
`;
