// Jest Snapshot v1, https://goo.gl/fbAQLP

exports[`renders correctly 1`] = `
<RNCSafeAreaView
  edges={
    {
      "bottom": "additive",
      "left": "additive",
      "right": "additive",
      "top": "additive",
    }
  }
  style={
    {
      "alignItems": "center",
      "backgroundColor": "#f5fcff",
      "flex": 1,
      "justifyContent": "flex-start",
    }
  }
>
  <View
    style={
      {
        "alignItems": "center",
        "backgroundColor": "#1A237E",
        "borderBottomColor": "#424242",
        "borderBottomWidth": 2,
        "borderTopLeftRadius": 5,
        "borderTopRightRadius": 5,
        "flexDirection": "row",
        "paddingHorizontal": 10,
        "width": "90%",
      }
    }
  >
    <Text
      allowFontScaling={false}
      selectable={false}
      style={
        [
          {
            "color": "#ffffff",
            "fontSize": 20,
          },
          undefined,
          {
            "fontFamily": "Ionicons",
            "fontStyle": "normal",
            "fontWeight": "normal",
          },
          {},
        ]
      }
    >
      î¹ 
    </Text>
    <TextInput
      color="#ffffff"
      onBlur={[Function]}
      onChangeText={[Function]}
      onFocus={[Function]}
      placeholder="Search Currency Pair"
      placeholderTextColor="#8C8C8C"
      style={
        {
          "fontSize": 15,
          "width": "88%",
        }
      }
      value=""
    />
  </View>
  <View
    style={
      {
        "flexDirection": "row",
        "justifyContent": "space-around",
        "marginTop": 20,
        "width": "90%",
      }
    }
  >
    <View
      accessibilityState={
        {
          "busy": undefined,
          "checked": undefined,
          "disabled": undefined,
          "expanded": undefined,
          "selected": undefined,
        }
      }
      accessibilityValue={
        {
          "max": undefined,
          "min": undefined,
          "now": undefined,
          "text": undefined,
        }
      }
      accessible={true}
      collapsable={false}
      focusable={true}
      onClick={[Function]}
      onResponderGrant={[Function]}
      onResponderMove={[Function]}
      onResponderRelease={[Function]}
      onResponderTerminate={[Function]}
      onResponderTerminationRequest={[Function]}
      onStartShouldSetResponder={[Function]}
      style={
        {
          "backgroundColor": "#ffffff",
          "borderColor": "#1A237E",
          "borderRadius": 10,
          "borderWidth": 2,
          "opacity": 1,
          "padding": 20,
        }
      }
      testID="ButtonComponent.ToucableOpacity"
    >
      <Text
        style={
          [
            {
              "color": "#ffff",
              "fontSize": 20,
            },
            {
              "color": "#1A237E",
            },
          ]
        }
      >
        Daily
      </Text>
    </View>
    <View
      accessibilityState={
        {
          "busy": undefined,
          "checked": undefined,
          "disabled": undefined,
          "expanded": undefined,
          "selected": undefined,
        }
      }
      accessibilityValue={
        {
          "max": undefined,
          "min": undefined,
          "now": undefined,
          "text": undefined,
        }
      }
      accessible={true}
      collapsable={false}
      focusable={true}
      onClick={[Function]}
      onResponderGrant={[Function]}
      onResponderMove={[Function]}
      onResponderRelease={[Function]}
      onResponderTerminate={[Function]}
      onResponderTerminationRequest={[Function]}
      onStartShouldSetResponder={[Function]}
      style={
        {
          "backgroundColor": "#1A237E",
          "borderRadius": 10,
          "opacity": 1,
          "padding": 20,
        }
      }
      testID="ButtonComponent.ToucableOpacity"
    >
      <Text
        style={
          [
            {
              "color": "#ffff",
              "fontSize": 20,
            },
            false,
          ]
        }
      >
        Weekly
      </Text>
    </View>
    <View
      accessibilityState={
        {
          "busy": undefined,
          "checked": undefined,
          "disabled": undefined,
          "expanded": undefined,
          "selected": undefined,
        }
      }
      accessibilityValue={
        {
          "max": undefined,
          "min": undefined,
          "now": undefined,
          "text": undefined,
        }
      }
      accessible={true}
      collapsable={false}
      focusable={true}
      onClick={[Function]}
      onResponderGrant={[Function]}
      onResponderMove={[Function]}
      onResponderRelease={[Function]}
      onResponderTerminate={[Function]}
      onResponderTerminationRequest={[Function]}
      onStartShouldSetResponder={[Function]}
      style={
        {
          "backgroundColor": "#1A237E",
          "borderRadius": 10,
          "opacity": 1,
          "padding": 20,
        }
      }
      testID="ButtonComponent.ToucableOpacity"
    >
      <Text
        style={
          [
            {
              "color": "#ffff",
              "fontSize": 20,
            },
            false,
          ]
        }
      >
        Monthly
      </Text>
    </View>
  </View>
</RNCSafeAreaView>
`;
